datapath__40: datapath__21
case__30: case__30
logic__34: logic__34
reg__9: reg
datapath__26: datapath__26
case__17: case__17
counter: counter
muxpart: muxpart
case__33: case__33
datapath__24: datapath__24
case__38: case__38
case__31: case__31
logic__73: logic
Oled_Display: Oled_Display
logic__51: logic__51
block_color: block_color
case__20: case__20
datapath__22__GD: datapath__22__GD
datapath__35: datapath
datapath__3: datapath__3
dsp48e1: dsp48e1
datapath__27: datapath__27
datapath__24__GD: datapath__24__GD
datapath__21: datapath__21
datapath__11: datapath__11
logic__3: logic__3
datapath__12: datapath__12
muxpart__9: muxpart__9
datapath__1: datapath__1
case__15: case__15
logic__40: logic__40
datapath__22: datapath__22
reg__1: reg__1
datapath__10: datapath__10
show_grid: show_grid
logic__35: logic__35
datapath__2: datapath__2
datapath__37: datapath__20
datapath__32: datapath
reg__6: reg__6
logic__65: logic__65
datapath: datapath
datapath__13: datapath__13
datapath__6: datapath__6
reg__8: reg__8
case__2: case__2
case__32: case__32
logic__29: logic__29
muxpart__12: muxpart__12
case: case
T_to_m__1: T_to_m
datapath__23: datapath__23
logic: logic
case__36: case__36
flexi_clock_D__1: flexi_clock_D
datapath__39: datapath__20
case__11: case__11
pix_to_vertical_rowcol: pix_to_vertical_rowcol
datapath__30: datapath__2
case__16: case__16
reg: reg
keep: keep
counter__4: counter
datapath__7: datapath__7
case__24: case__24
flexi_clock_D__2: flexi_clock_D
case__14: case__14
case__34: case__34
logic__50: logic__50
logic__49: logic__49
logic__7: logic__7
counter__3: counter__3
flexi_clock_D: flexi_clock_D
datapath__19: datapath__19
yyxx_to_grid_coords: yyxx_to_grid_coords
get_coords: get_coords
case__22: case__22
datapath__28: datapath__28
counter__2: counter__2
yyxx_to_grid_coords__3: yyxx_to_grid_coords
logic__6: logic__6
logic__12: logic__12
oled_to_grid_coords__1: oled_to_grid_coords
logic__72: logic
case__28: case__28
datapath__14: datapath__14
logic__55: logic__55
logic__10: logic__10
logic__53: logic__53
logic__54: logic__54
yyxx_to_grid_coords__2: yyxx_to_grid_coords
case__23: case__23
case__3: case__3
case__29: case__29
logic__43: logic__43
counter__5: counter
case__13: case__13
case__19: case__19
logic__59: logic__59
logic__2: logic__2
oled_to_grid_coords: oled_to_grid_coords
logic__68: logic__68
datapath__5: datapath__5
datapath__33: datapath__2
case__21: case__21
datapath__8: datapath__8
logic__38: logic__38
logic__62: logic__62
reg__5: reg__5
main__GB1: main__GB1
muxpart__11: muxpart__11
datapath__25__GD: datapath__25__GD
datapath__38: datapath__21
datapath__25: datapath__25
muxpart__10: muxpart__10
datapath__34: datapath__1
datapath__16: datapath__16
case__27: case__27
datapath__15: datapath__15
datapath__20: datapath__20
tetrimino: tetrimino
datapath__18: datapath__18
case__10: case__10
logic__39: logic__39
datapath__36: datapath__21
reg__10: reg
case__1: case__1
keep__1: keep__1
case__18: case__18
datapath__29: datapath__29
logic__9: logic__9
case__37: case__37
counter__1: counter__1
case__35: case__35
logic__13: logic__13
T_to_m: T_to_m
datapath__17: datapath__17
muxpart__1: muxpart__1
logic__8: logic__8
datapath__41: datapath__20
logic__4: logic__4
case__26: case__26
reg__2: reg__2
logic__58: logic__58
T_to_m__2: T_to_m
datapath__4: datapath__4
logic__11: logic__11
reg__7: reg__7
yyxx_to_grid_coords__1: yyxx_to_grid_coords
case__25: case__25
datapath__9: datapath__9
case__4: case__4
datapath__31: datapath__1
