Copyright 1986-2018 Xilinx, Inc. All Rights Reserved.
------------------------------------------------------------------------------------
| Tool Version : Vivado v.2018.2 (win64) Build 2258646 Thu Jun 14 20:03:12 MDT 2018
| Date         : Sat Nov  4 22:47:46 2023
| Host         : soulblast running 64-bit major release  (build 9200)
| Command      : report_control_sets -verbose -file main_control_sets_placed.rpt
| Design       : main
| Device       : xc7a35t
------------------------------------------------------------------------------------

Control Set Information

Table of Contents
-----------------
1. Summary
2. Histogram
3. Flip-Flop Distribution
4. Detailed Control Set Information

1. Summary
----------

+----------------------------------------------------------+-------+
|                          Status                          | Count |
+----------------------------------------------------------+-------+
| Number of unique control sets                            |   397 |
| Unused register locations in slices containing registers |    40 |
+----------------------------------------------------------+-------+


2. Histogram
------------

+--------+--------------+
| Fanout | Control Sets |
+--------+--------------+
|      2 |            1 |
|     10 |            1 |
|     12 |            1 |
|    16+ |          394 |
+--------+--------------+


3. Flip-Flop Distribution
-------------------------

+--------------+-----------------------+------------------------+-----------------+--------------+
| Clock Enable | Synchronous Set/Reset | Asynchronous Set/Reset | Total Registers | Total Slices |
+--------------+-----------------------+------------------------+-----------------+--------------+
| No           | No                    | No                     |             734 |          267 |
| No           | No                    | Yes                    |               0 |            0 |
| No           | Yes                   | No                     |             314 |           46 |
| Yes          | No                    | No                     |            9320 |         1785 |
| Yes          | No                    | Yes                    |               0 |            0 |
| Yes          | Yes                   | No                     |              80 |           26 |
+--------------+-----------------------+------------------------+-----------------+--------------+


4. Detailed Control Set Information
-----------------------------------

+------------------+---------------------------------+----------------------------------+------------------+----------------+
|   Clock Signal   |          Enable Signal          |         Set/Reset Signal         | Slice Load Count | Bel Load Count |
+------------------+---------------------------------+----------------------------------+------------------+----------------+
| ~CLK_6p25M_BUFG  |                                 |                                  |                1 |              2 |
|  CLOCK_IBUF_BUFG | tetri0/t_col_reg[0][0]          | tetri0/t_block1                  |                3 |             10 |
|  CLOCK_IBUF_BUFG | tetri0/t_row_reg[0][0]          | tetri0/t_block1                  |                2 |             12 |
|  CLOCK_IBUF_BUFG | tetri0/colour_reg[9][3][0][0]   |                                  |                9 |             24 |
|  CLOCK_IBUF_BUFG | tetri0/colour_reg[8][3][0][0]   |                                  |                5 |             24 |
|  CLOCK_IBUF_BUFG | tetri0/colour_reg[9][10][0][0]  |                                  |                7 |             24 |
|  CLOCK_IBUF_BUFG | tetri0/colour_reg[8][2][0][0]   |                                  |                4 |             24 |
|  CLOCK_IBUF_BUFG | tetri0/colour_reg[9][13][0][0]  |                                  |                6 |             24 |
|  CLOCK_IBUF_BUFG | tetri0/colour_reg[9][0][0][0]   |                                  |                7 |             24 |
|  CLOCK_IBUF_BUFG | tetri0/colour_reg[9][12][0][0]  |                                  |                5 |             24 |
|  CLOCK_IBUF_BUFG | tetri0/E[0]                     |                                  |                6 |             24 |
|  CLOCK_IBUF_BUFG | tetri0/colour_reg[0][5][0][0]   |                                  |                4 |             24 |
|  CLOCK_IBUF_BUFG | tetri0/colour_reg[0][7][0][0]   |                                  |                5 |             24 |
|  CLOCK_IBUF_BUFG | tetri0/colour_reg[0][11][0][0]  |                                  |                7 |             24 |
|  CLOCK_IBUF_BUFG | tetri0/colour_reg[0][6][0][0]   |                                  |                2 |             24 |
|  CLOCK_IBUF_BUFG | tetri0/colour_reg[0][13][0][0]  |                                  |                8 |             24 |
|  CLOCK_IBUF_BUFG | tetri0/colour_reg[10][0][0][0]  |                                  |                8 |             24 |
|  CLOCK_IBUF_BUFG | tetri0/colour_reg[10][2][0][0]  |                                  |                4 |             24 |
|  CLOCK_IBUF_BUFG | tetri0/colour_reg[10][7][0][0]  |                                  |                4 |             24 |
|  CLOCK_IBUF_BUFG | tetri0/colour_reg[10][4][0][0]  |                                  |                3 |             24 |
|  CLOCK_IBUF_BUFG | tetri0/colour_reg[11][0][0][0]  |                                  |                8 |             24 |
|  CLOCK_IBUF_BUFG | tetri0/colour_reg[0][12][0][0]  |                                  |                2 |             24 |
|  CLOCK_IBUF_BUFG | tetri0/colour_reg[0][9][0][0]   |                                  |                6 |             24 |
|  CLOCK_IBUF_BUFG | tetri0/colour_reg[11][10][0][0] |                                  |                4 |             24 |
|  CLOCK_IBUF_BUFG | tetri0/colour_reg[11][11][0][0] |                                  |                5 |             24 |
|  CLOCK_IBUF_BUFG | tetri0/colour_reg[11][12][0][0] |                                  |                3 |             24 |
|  CLOCK_IBUF_BUFG | tetri0/colour_reg[0][2][0][0]   |                                  |                7 |             24 |
|  CLOCK_IBUF_BUFG | tetri0/colour_reg[10][6][0][0]  |                                  |                3 |             24 |
|  CLOCK_IBUF_BUFG | tetri0/colour_reg[11][13][0][0] |                                  |                5 |             24 |
|  CLOCK_IBUF_BUFG | tetri0/colour_reg[10][5][0][0]  |                                  |                6 |             24 |
|  CLOCK_IBUF_BUFG | tetri0/colour_reg[11][14][0][0] |                                  |                3 |             24 |
|  CLOCK_IBUF_BUFG | tetri0/colour_reg[0][1][0][0]   |                                  |                6 |             24 |
|  CLOCK_IBUF_BUFG | tetri0/colour_reg[0][4][0][0]   |                                  |                2 |             24 |
|  CLOCK_IBUF_BUFG | tetri0/colour_reg[0][14][0][0]  |                                  |                4 |             24 |
|  CLOCK_IBUF_BUFG | tetri0/colour_reg[0][15][0][0]  |                                  |                3 |             24 |
|  CLOCK_IBUF_BUFG | tetri0/colour_reg[0][0][0][0]   |                                  |                6 |             24 |
|  CLOCK_IBUF_BUFG | tetri0/colour_reg[10][11][0][0] |                                  |                5 |             24 |
|  CLOCK_IBUF_BUFG | tetri0/colour_reg[10][12][0][0] |                                  |                5 |             24 |
|  CLOCK_IBUF_BUFG | tetri0/colour_reg[10][15][0][0] |                                  |                7 |             24 |
|  CLOCK_IBUF_BUFG | tetri0/colour_reg[10][14][0][0] |                                  |                2 |             24 |
|  CLOCK_IBUF_BUFG | tetri0/colour_reg[10][1][0][0]  |                                  |                4 |             24 |
|  CLOCK_IBUF_BUFG | tetri0/colour_reg[10][10][0][0] |                                  |                2 |             24 |
|  CLOCK_IBUF_BUFG | tetri0/colour_reg[0][10][0][0]  |                                  |                3 |             24 |
|  CLOCK_IBUF_BUFG | tetri0/colour_reg[0][3][0][0]   |                                  |                3 |             24 |
|  CLOCK_IBUF_BUFG | tetri0/colour_reg[10][13][0][0] |                                  |                4 |             24 |
|  CLOCK_IBUF_BUFG | tetri0/colour_reg[0][8][0][0]   |                                  |                2 |             24 |
|  CLOCK_IBUF_BUFG | tetri0/colour_reg[10][3][0][0]  |                                  |                7 |             24 |
|  CLOCK_IBUF_BUFG | tetri0/colour_reg[10][8][0][0]  |                                  |                3 |             24 |
|  CLOCK_IBUF_BUFG | tetri0/colour_reg[10][9][0][0]  |                                  |                3 |             24 |
|  CLOCK_IBUF_BUFG | tetri0/colour_reg[11][15][0][0] |                                  |                6 |             24 |
|  CLOCK_IBUF_BUFG | tetri0/colour_reg[11][6][0][0]  |                                  |                3 |             24 |
|  CLOCK_IBUF_BUFG | tetri0/colour_reg[11][7][0][0]  |                                  |                4 |             24 |
|  CLOCK_IBUF_BUFG | tetri0/colour_reg[12][6][0][0]  |                                  |                3 |             24 |
|  CLOCK_IBUF_BUFG | tetri0/colour_reg[11][9][0][0]  |                                  |                2 |             24 |
|  CLOCK_IBUF_BUFG | tetri0/colour_reg[13][14][0][0] |                                  |                4 |             24 |
|  CLOCK_IBUF_BUFG | tetri0/colour_reg[11][1][0][0]  |                                  |                5 |             24 |
|  CLOCK_IBUF_BUFG | tetri0/colour_reg[12][14][0][0] |                                  |                3 |             24 |
|  CLOCK_IBUF_BUFG | tetri0/colour_reg[13][5][0][0]  |                                  |                4 |             24 |
|  CLOCK_IBUF_BUFG | tetri0/colour_reg[13][7][0][0]  |                                  |                3 |             24 |
|  CLOCK_IBUF_BUFG | tetri0/colour_reg[14][4][0][0]  |                                  |                2 |             24 |
|  CLOCK_IBUF_BUFG | tetri0/colour_reg[14][5][0][0]  |                                  |                5 |             24 |
|  CLOCK_IBUF_BUFG | tetri0/colour_reg[14][7][0][0]  |                                  |                5 |             24 |
|  CLOCK_IBUF_BUFG | tetri0/colour_reg[14][8][0][0]  |                                  |                6 |             24 |
|  CLOCK_IBUF_BUFG | tetri0/colour_reg[11][8][0][0]  |                                  |                2 |             24 |
|  CLOCK_IBUF_BUFG | tetri0/colour_reg[12][13][0][0] |                                  |                4 |             24 |
|  CLOCK_IBUF_BUFG | tetri0/colour_reg[14][6][0][0]  |                                  |                3 |             24 |
|  CLOCK_IBUF_BUFG | tetri0/colour_reg[14][9][0][0]  |                                  |                3 |             24 |
|  CLOCK_IBUF_BUFG | tetri0/colour_reg[15][0][0][0]  |                                  |                5 |             24 |
|  CLOCK_IBUF_BUFG | tetri0/colour_reg[15][10][0][0] |                                  |                7 |             24 |
|  CLOCK_IBUF_BUFG | tetri0/colour_reg[15][11][0][0] |                                  |                4 |             24 |
|  CLOCK_IBUF_BUFG | tetri0/colour_reg[15][12][0][0] |                                  |                3 |             24 |
|  CLOCK_IBUF_BUFG | tetri0/colour_reg[12][2][0][0]  |                                  |                4 |             24 |
|  CLOCK_IBUF_BUFG | tetri0/colour_reg[12][7][0][0]  |                                  |                4 |             24 |
|  CLOCK_IBUF_BUFG | tetri0/colour_reg[12][5][0][0]  |                                  |                4 |             24 |
|  CLOCK_IBUF_BUFG | tetri0/colour_reg[12][4][0][0]  |                                  |                2 |             24 |
|  CLOCK_IBUF_BUFG | tetri0/colour_reg[12][8][0][0]  |                                  |                5 |             24 |
|  CLOCK_IBUF_BUFG | tetri0/colour_reg[13][10][0][0] |                                  |                4 |             24 |
|  CLOCK_IBUF_BUFG | tetri0/colour_reg[13][6][0][0]  |                                  |                3 |             24 |
|  CLOCK_IBUF_BUFG | tetri0/colour_reg[15][13][0][0] |                                  |                5 |             24 |
|  CLOCK_IBUF_BUFG | tetri0/colour_reg[15][14][0][0] |                                  |                4 |             24 |
|  CLOCK_IBUF_BUFG | tetri0/colour_reg[13][15][0][0] |                                  |                6 |             24 |
|  CLOCK_IBUF_BUFG | tetri0/colour_reg[13][1][0][0]  |                                  |                5 |             24 |
|  CLOCK_IBUF_BUFG | tetri0/colour_reg[14][1][0][0]  |                                  |                6 |             24 |
|  CLOCK_IBUF_BUFG | tetri0/colour_reg[14][2][0][0]  |                                  |                4 |             24 |
|  CLOCK_IBUF_BUFG | tetri0/colour_reg[12][3][0][0]  |                                  |                4 |             24 |
|  CLOCK_IBUF_BUFG | tetri0/colour_reg[13][8][0][0]  |                                  |                5 |             24 |
|  CLOCK_IBUF_BUFG | tetri0/colour_reg[14][13][0][0] |                                  |                7 |             24 |
|  CLOCK_IBUF_BUFG | tetri0/colour_reg[12][9][0][0]  |                                  |                5 |             24 |
|  CLOCK_IBUF_BUFG | tetri0/colour_reg[12][0][0][0]  |                                  |                7 |             24 |
|  CLOCK_IBUF_BUFG | tetri0/colour_reg[12][11][0][0] |                                  |                6 |             24 |
|  CLOCK_IBUF_BUFG | tetri0/colour_reg[13][2][0][0]  |                                  |                3 |             24 |
|  CLOCK_IBUF_BUFG | tetri0/colour_reg[11][3][0][0]  |                                  |                9 |             24 |
|  CLOCK_IBUF_BUFG | tetri0/colour_reg[14][0][0][0]  |                                  |                4 |             24 |
|  CLOCK_IBUF_BUFG | tetri0/colour_reg[11][4][0][0]  |                                  |                3 |             24 |
|  CLOCK_IBUF_BUFG | tetri0/colour_reg[12][10][0][0] |                                  |                4 |             24 |
|  CLOCK_IBUF_BUFG | tetri0/colour_reg[13][12][0][0] |                                  |                3 |             24 |
|  CLOCK_IBUF_BUFG | tetri0/colour_reg[12][12][0][0] |                                  |                5 |             24 |
|  CLOCK_IBUF_BUFG | tetri0/colour_reg[13][3][0][0]  |                                  |                4 |             24 |
|  CLOCK_IBUF_BUFG | tetri0/colour_reg[11][2][0][0]  |                                  |                3 |             24 |
|  CLOCK_IBUF_BUFG | tetri0/colour_reg[13][4][0][0]  |                                  |                2 |             24 |
|  CLOCK_IBUF_BUFG | tetri0/colour_reg[11][5][0][0]  |                                  |                5 |             24 |
|  CLOCK_IBUF_BUFG | tetri0/colour_reg[13][9][0][0]  |                                  |                4 |             24 |
|  CLOCK_IBUF_BUFG | tetri0/colour_reg[14][14][0][0] |                                  |                3 |             24 |
|  CLOCK_IBUF_BUFG | tetri0/colour_reg[13][0][0][0]  |                                  |                6 |             24 |
|  CLOCK_IBUF_BUFG | tetri0/colour_reg[14][10][0][0] |                                  |                4 |             24 |
|  CLOCK_IBUF_BUFG | tetri0/colour_reg[14][15][0][0] |                                  |                6 |             24 |
|  CLOCK_IBUF_BUFG | tetri0/colour_reg[14][3][0][0]  |                                  |                7 |             24 |
|  CLOCK_IBUF_BUFG | tetri0/colour_reg[12][15][0][0] |                                  |                6 |             24 |
|  CLOCK_IBUF_BUFG | tetri0/colour_reg[12][1][0][0]  |                                  |                3 |             24 |
|  CLOCK_IBUF_BUFG | tetri0/colour_reg[13][11][0][0] |                                  |                6 |             24 |
|  CLOCK_IBUF_BUFG | tetri0/colour_reg[13][13][0][0] |                                  |                5 |             24 |
|  CLOCK_IBUF_BUFG | tetri0/colour_reg[14][11][0][0] |                                  |                3 |             24 |
|  CLOCK_IBUF_BUFG | tetri0/colour_reg[14][12][0][0] |                                  |                4 |             24 |
|  CLOCK_IBUF_BUFG | tetri0/colour_reg[15][5][0][0]  |                                  |                8 |             24 |
|  CLOCK_IBUF_BUFG | tetri0/colour_reg[19][10][0][0] |                                  |                6 |             24 |
|  CLOCK_IBUF_BUFG | tetri0/colour_reg[19][13][0][0] |                                  |                4 |             24 |
|  CLOCK_IBUF_BUFG | tetri0/colour_reg[19][14][0][0] |                                  |                5 |             24 |
|  CLOCK_IBUF_BUFG | tetri0/colour_reg[16][11][0][0] |                                  |                4 |             24 |
|  CLOCK_IBUF_BUFG | tetri0/colour_reg[16][5][0][0]  |                                  |                5 |             24 |
|  CLOCK_IBUF_BUFG | tetri0/colour_reg[16][3][0][0]  |                                  |                5 |             24 |
|  CLOCK_IBUF_BUFG | tetri0/colour_reg[16][14][0][0] |                                  |                3 |             24 |
|  CLOCK_IBUF_BUFG | tetri0/colour_reg[15][7][0][0]  |                                  |                5 |             24 |
|  CLOCK_IBUF_BUFG | tetri0/colour_reg[17][13][0][0] |                                  |                3 |             24 |
|  CLOCK_IBUF_BUFG | tetri0/colour_reg[17][14][0][0] |                                  |                4 |             24 |
|  CLOCK_IBUF_BUFG | tetri0/colour_reg[17][1][0][0]  |                                  |                4 |             24 |
|  CLOCK_IBUF_BUFG | tetri0/colour_reg[16][13][0][0] |                                  |                5 |             24 |
|  CLOCK_IBUF_BUFG | tetri0/colour_reg[17][9][0][0]  |                                  |                2 |             24 |
|  CLOCK_IBUF_BUFG | tetri0/colour_reg[17][15][0][0] |                                  |                4 |             24 |
|  CLOCK_IBUF_BUFG | tetri0/colour_reg[17][7][0][0]  |                                  |                7 |             24 |
|  CLOCK_IBUF_BUFG | tetri0/colour_reg[18][10][0][0] |                                  |                4 |             24 |
|  CLOCK_IBUF_BUFG | tetri0/colour_reg[18][13][0][0] |                                  |                6 |             24 |
|  CLOCK_IBUF_BUFG | tetri0/colour_reg[18][14][0][0] |                                  |                3 |             24 |
|  CLOCK_IBUF_BUFG | tetri0/colour_reg[17][4][0][0]  |                                  |                3 |             24 |
|  CLOCK_IBUF_BUFG | tetri0/colour_reg[18][2][0][0]  |                                  |                3 |             24 |
|  CLOCK_IBUF_BUFG | tetri0/colour_reg[16][15][0][0] |                                  |                4 |             24 |
|  CLOCK_IBUF_BUFG | tetri0/colour_reg[16][9][0][0]  |                                  |                5 |             24 |
|  CLOCK_IBUF_BUFG | tetri0/colour_reg[17][12][0][0] |                                  |                3 |             24 |
|  CLOCK_IBUF_BUFG | tetri0/colour_reg[15][9][0][0]  |                                  |                5 |             24 |
|  CLOCK_IBUF_BUFG | tetri0/colour_reg[15][15][0][0] |                                  |                6 |             24 |
|  CLOCK_IBUF_BUFG | tetri0/colour_reg[18][11][0][0] |                                  |                3 |             24 |
|  CLOCK_IBUF_BUFG | tetri0/colour_reg[18][12][0][0] |                                  |                2 |             24 |
|  CLOCK_IBUF_BUFG | tetri0/colour_reg[17][6][0][0]  |                                  |                6 |             24 |
|  CLOCK_IBUF_BUFG | tetri0/colour_reg[15][2][0][0]  |                                  |                3 |             24 |
|  CLOCK_IBUF_BUFG | tetri0/colour_reg[16][10][0][0] |                                  |                4 |             24 |
|  CLOCK_IBUF_BUFG | tetri0/colour_reg[17][10][0][0] |                                  |                5 |             24 |
|  CLOCK_IBUF_BUFG | tetri0/colour_reg[15][1][0][0]  |                                  |                5 |             24 |
|  CLOCK_IBUF_BUFG | tetri0/colour_reg[17][3][0][0]  |                                  |                3 |             24 |
|  CLOCK_IBUF_BUFG | tetri0/colour_reg[15][4][0][0]  |                                  |                4 |             24 |
|  CLOCK_IBUF_BUFG | tetri0/colour_reg[16][6][0][0]  |                                  |                6 |             24 |
|  CLOCK_IBUF_BUFG | tetri0/colour_reg[17][5][0][0]  |                                  |                5 |             24 |
|  CLOCK_IBUF_BUFG | tetri0/colour_reg[16][7][0][0]  |                                  |                3 |             24 |
|  CLOCK_IBUF_BUFG | tetri0/colour_reg[18][15][0][0] |                                  |                5 |             24 |
|  CLOCK_IBUF_BUFG | tetri0/colour_reg[18][3][0][0]  |                                  |                3 |             24 |
|  CLOCK_IBUF_BUFG | tetri0/colour_reg[18][4][0][0]  |                                  |                3 |             24 |
|  CLOCK_IBUF_BUFG | tetri0/colour_reg[17][11][0][0] |                                  |                3 |             24 |
|  CLOCK_IBUF_BUFG | tetri0/colour_reg[18][5][0][0]  |                                  |                7 |             24 |
|  CLOCK_IBUF_BUFG | tetri0/colour_reg[18][6][0][0]  |                                  |                5 |             24 |
|  CLOCK_IBUF_BUFG | tetri0/colour_reg[18][7][0][0]  |                                  |                3 |             24 |
|  CLOCK_IBUF_BUFG | tetri0/colour_reg[16][8][0][0]  |                                  |                5 |             24 |
|  CLOCK_IBUF_BUFG | tetri0/colour_reg[17][0][0][0]  |                                  |                4 |             24 |
|  CLOCK_IBUF_BUFG | tetri0/colour_reg[18][8][0][0]  |                                  |                3 |             24 |
|  CLOCK_IBUF_BUFG | tetri0/colour_reg[18][0][0][0]  |                                  |                2 |             24 |
|  CLOCK_IBUF_BUFG | tetri0/colour_reg[18][9][0][0]  |                                  |                4 |             24 |
|  CLOCK_IBUF_BUFG | tetri0/colour_reg[16][12][0][0] |                                  |                2 |             24 |
|  CLOCK_IBUF_BUFG | tetri0/colour_reg[16][2][0][0]  |                                  |                3 |             24 |
|  CLOCK_IBUF_BUFG | tetri0/colour_reg[15][3][0][0]  |                                  |                4 |             24 |
|  CLOCK_IBUF_BUFG | tetri0/colour_reg[18][1][0][0]  |                                  |                3 |             24 |
|  CLOCK_IBUF_BUFG | tetri0/colour_reg[16][4][0][0]  |                                  |                3 |             24 |
|  CLOCK_IBUF_BUFG | tetri0/colour_reg[19][0][0][0]  |                                  |                5 |             24 |
|  CLOCK_IBUF_BUFG | tetri0/colour_reg[15][6][0][0]  |                                  |                5 |             24 |
|  CLOCK_IBUF_BUFG | tetri0/colour_reg[19][11][0][0] |                                  |                2 |             24 |
|  CLOCK_IBUF_BUFG | tetri0/colour_reg[19][12][0][0] |                                  |                5 |             24 |
|  CLOCK_IBUF_BUFG | tetri0/colour_reg[16][0][0][0]  |                                  |                3 |             24 |
|  CLOCK_IBUF_BUFG | tetri0/colour_reg[16][1][0][0]  |                                  |                4 |             24 |
|  CLOCK_IBUF_BUFG | tetri0/colour_reg[15][8][0][0]  |                                  |                5 |             24 |
|  CLOCK_IBUF_BUFG | tetri0/colour_reg[17][2][0][0]  |                                  |                2 |             24 |
|  CLOCK_IBUF_BUFG | tetri0/colour_reg[17][8][0][0]  |                                  |                4 |             24 |
|  CLOCK_IBUF_BUFG | tetri0/colour_reg[20][7][0][0]  |                                  |                4 |             24 |
|  CLOCK_IBUF_BUFG | tetri0/colour_reg[19][8][0][0]  |                                  |                3 |             24 |
|  CLOCK_IBUF_BUFG | tetri0/colour_reg[19][6][0][0]  |                                  |                5 |             24 |
|  CLOCK_IBUF_BUFG | tetri0/colour_reg[21][2][0][0]  |                                  |                3 |             24 |
|  CLOCK_IBUF_BUFG | tetri0/colour_reg[21][6][0][0]  |                                  |                6 |             24 |
|  CLOCK_IBUF_BUFG | tetri0/colour_reg[20][3][0][0]  |                                  |                5 |             24 |
|  CLOCK_IBUF_BUFG | tetri0/colour_reg[20][15][0][0] |                                  |                4 |             24 |
|  CLOCK_IBUF_BUFG | tetri0/colour_reg[21][1][0][0]  |                                  |                4 |             24 |
|  CLOCK_IBUF_BUFG | tetri0/colour_reg[20][9][0][0]  |                                  |                4 |             24 |
|  CLOCK_IBUF_BUFG | tetri0/colour_reg[19][2][0][0]  |                                  |                4 |             24 |
|  CLOCK_IBUF_BUFG | tetri0/colour_reg[21][7][0][0]  |                                  |                5 |             24 |
|  CLOCK_IBUF_BUFG | tetri0/colour_reg[1][11][0][0]  |                                  |                7 |             24 |
|  CLOCK_IBUF_BUFG | tetri0/colour_reg[21][9][0][0]  |                                  |                3 |             24 |
|  CLOCK_IBUF_BUFG | tetri0/colour_reg[20][5][0][0]  |                                  |                4 |             24 |
|  CLOCK_IBUF_BUFG | tetri0/colour_reg[20][13][0][0] |                                  |                4 |             24 |
|  CLOCK_IBUF_BUFG | tetri0/colour_reg[20][10][0][0] |                                  |                5 |             24 |
|  CLOCK_IBUF_BUFG | tetri0/colour_reg[1][10][0][0]  |                                  |                4 |             24 |
|  CLOCK_IBUF_BUFG | tetri0/colour_reg[20][4][0][0]  |                                  |                3 |             24 |
|  CLOCK_IBUF_BUFG | tetri0/colour_reg[21][10][0][0] |                                  |                4 |             24 |
|  CLOCK_IBUF_BUFG | tetri0/colour_reg[1][12][0][0]  |                                  |                4 |             24 |
|  CLOCK_IBUF_BUFG | tetri0/colour_reg[1][7][0][0]   |                                  |                5 |             24 |
|  CLOCK_IBUF_BUFG | tetri0/colour_reg[1][5][0][0]   |                                  |                8 |             24 |
|  CLOCK_IBUF_BUFG | tetri0/colour_reg[20][12][0][0] |                                  |                2 |             24 |
|  CLOCK_IBUF_BUFG | tetri0/colour_reg[21][12][0][0] |                                  |                3 |             24 |
|  CLOCK_IBUF_BUFG | tetri0/colour_reg[21][13][0][0] |                                  |                4 |             24 |
|  CLOCK_IBUF_BUFG | tetri0/colour_reg[21][3][0][0]  |                                  |                5 |             24 |
|  CLOCK_IBUF_BUFG | tetri0/colour_reg[1][6][0][0]   |                                  |                3 |             24 |
|  CLOCK_IBUF_BUFG | tetri0/colour_reg[21][4][0][0]  |                                  |                4 |             24 |
|  CLOCK_IBUF_BUFG | tetri0/colour_reg[21][8][0][0]  |                                  |                6 |             24 |
|  CLOCK_IBUF_BUFG | tetri0/colour_reg[22][0][0][0]  |                                  |                4 |             24 |
|  CLOCK_IBUF_BUFG | tetri0/colour_reg[19][3][0][0]  |                                  |                4 |             24 |
|  CLOCK_IBUF_BUFG | tetri0/colour_reg[1][13][0][0]  |                                  |                8 |             24 |
|  CLOCK_IBUF_BUFG | tetri0/colour_reg[21][5][0][0]  |                                  |                6 |             24 |
|  CLOCK_IBUF_BUFG | tetri0/colour_reg[22][10][0][0] |                                  |                8 |             24 |
|  CLOCK_IBUF_BUFG | tetri0/colour_reg[1][14][0][0]  |                                  |                6 |             24 |
|  CLOCK_IBUF_BUFG | tetri0/colour_reg[19][4][0][0]  |                                  |                4 |             24 |
|  CLOCK_IBUF_BUFG | tetri0/colour_reg[20][6][0][0]  |                                  |                7 |             24 |
|  CLOCK_IBUF_BUFG | tetri0/colour_reg[21][14][0][0] |                                  |                3 |             24 |
|  CLOCK_IBUF_BUFG | tetri0/colour_reg[22][11][0][0] |                                  |                4 |             24 |
|  CLOCK_IBUF_BUFG | tetri0/colour_reg[21][11][0][0] |                                  |                5 |             24 |
|  CLOCK_IBUF_BUFG | tetri0/colour_reg[1][9][0][0]   |                                  |                3 |             24 |
|  CLOCK_IBUF_BUFG | tetri0/colour_reg[22][12][0][0] |                                  |                4 |             24 |
|  CLOCK_IBUF_BUFG | tetri0/colour_reg[1][15][0][0]  |                                  |                4 |             24 |
|  CLOCK_IBUF_BUFG | tetri0/colour_reg[20][2][0][0]  |                                  |                3 |             24 |
|  CLOCK_IBUF_BUFG | tetri0/colour_reg[22][13][0][0] |                                  |                4 |             24 |
|  CLOCK_IBUF_BUFG | tetri0/colour_reg[22][14][0][0] |                                  |                6 |             24 |
|  CLOCK_IBUF_BUFG | tetri0/colour_reg[1][2][0][0]   |                                  |                4 |             24 |
|  CLOCK_IBUF_BUFG | tetri0/colour_reg[20][0][0][0]  |                                  |                5 |             24 |
|  CLOCK_IBUF_BUFG | tetri0/colour_reg[19][15][0][0] |                                  |                5 |             24 |
|  CLOCK_IBUF_BUFG | tetri0/colour_reg[20][14][0][0] |                                  |                3 |             24 |
|  CLOCK_IBUF_BUFG | tetri0/colour_reg[1][0][0][0]   |                                  |                3 |             24 |
|  CLOCK_IBUF_BUFG | tetri0/colour_reg[1][4][0][0]   |                                  |                3 |             24 |
|  CLOCK_IBUF_BUFG | tetri0/colour_reg[19][9][0][0]  |                                  |                2 |             24 |
|  CLOCK_IBUF_BUFG | tetri0/colour_reg[20][11][0][0] |                                  |                4 |             24 |
|  CLOCK_IBUF_BUFG | tetri0/colour_reg[19][7][0][0]  |                                  |                4 |             24 |
|  CLOCK_IBUF_BUFG | tetri0/colour_reg[20][1][0][0]  |                                  |                5 |             24 |
|  CLOCK_IBUF_BUFG | tetri0/colour_reg[20][8][0][0]  |                                  |                5 |             24 |
|  CLOCK_IBUF_BUFG | tetri0/colour_reg[1][8][0][0]   |                                  |                2 |             24 |
|  CLOCK_IBUF_BUFG | tetri0/colour_reg[1][1][0][0]   |                                  |                3 |             24 |
|  CLOCK_IBUF_BUFG | tetri0/colour_reg[1][3][0][0]   |                                  |                5 |             24 |
|  CLOCK_IBUF_BUFG | tetri0/colour_reg[19][1][0][0]  |                                  |                5 |             24 |
|  CLOCK_IBUF_BUFG | tetri0/colour_reg[19][5][0][0]  |                                  |                4 |             24 |
|  CLOCK_IBUF_BUFG | tetri0/colour_reg[21][0][0][0]  |                                  |                5 |             24 |
|  CLOCK_IBUF_BUFG | tetri0/colour_reg[21][15][0][0] |                                  |                2 |             24 |
|  CLOCK_IBUF_BUFG | tetri0/colour_reg[22][1][0][0]  |                                  |                6 |             24 |
|  CLOCK_IBUF_BUFG | tetri0/colour_reg[3][11][0][0]  |                                  |                3 |             24 |
|  CLOCK_IBUF_BUFG | tetri0/colour_reg[22][7][0][0]  |                                  |                4 |             24 |
|  CLOCK_IBUF_BUFG | tetri0/colour_reg[3][12][0][0]  |                                  |                2 |             24 |
|  CLOCK_IBUF_BUFG | tetri0/colour_reg[23][9][0][0]  |                                  |                4 |             24 |
|  CLOCK_IBUF_BUFG | tetri0/colour_reg[2][15][0][0]  |                                  |                3 |             24 |
|  CLOCK_IBUF_BUFG | tetri0/colour_reg[2][2][0][0]   |                                  |                4 |             24 |
|  CLOCK_IBUF_BUFG | tetri0/colour_reg[23][3][0][0]  |                                  |                5 |             24 |
|  CLOCK_IBUF_BUFG | tetri0/colour_reg[23][10][0][0] |                                  |                8 |             24 |
|  CLOCK_IBUF_BUFG | tetri0/colour_reg[23][4][0][0]  |                                  |                6 |             24 |
|  CLOCK_IBUF_BUFG | tetri0/colour_reg[22][4][0][0]  |                                  |                4 |             24 |
|  CLOCK_IBUF_BUFG | tetri0/colour_reg[2][4][0][0]   |                                  |                3 |             24 |
|  CLOCK_IBUF_BUFG | tetri0/colour_reg[2][6][0][0]   |                                  |                5 |             24 |
|  CLOCK_IBUF_BUFG | tetri0/colour_reg[3][13][0][0]  |                                  |                5 |             24 |
|  CLOCK_IBUF_BUFG | tetri0/colour_reg[2][5][0][0]   |                                  |                5 |             24 |
|  CLOCK_IBUF_BUFG | tetri0/colour_reg[3][4][0][0]   |                                  |                5 |             24 |
|  CLOCK_IBUF_BUFG | tetri0/colour_reg[3][5][0][0]   |                                  |                4 |             24 |
|  CLOCK_IBUF_BUFG | tetri0/colour_reg[3][8][0][0]   |                                  |                4 |             24 |
|  CLOCK_IBUF_BUFG | tetri0/colour_reg[3][2][0][0]   |                                  |                6 |             24 |
|  CLOCK_IBUF_BUFG | tetri0/colour_reg[3][1][0][0]   |                                  |                4 |             24 |
|  CLOCK_IBUF_BUFG | tetri0/colour_reg[2][9][0][0]   |                                  |                5 |             24 |
|  CLOCK_IBUF_BUFG | tetri0/colour_reg[3][9][0][0]   |                                  |                6 |             24 |
|  CLOCK_IBUF_BUFG | tetri0/colour_reg[4][0][0][0]   |                                  |                5 |             24 |
|  CLOCK_IBUF_BUFG | tetri0/colour_reg[4][10][0][0]  |                                  |                5 |             24 |
|  CLOCK_IBUF_BUFG | tetri0/colour_reg[22][5][0][0]  |                                  |                8 |             24 |
|  CLOCK_IBUF_BUFG | tetri0/colour_reg[4][11][0][0]  |                                  |                2 |             24 |
|  CLOCK_IBUF_BUFG | tetri0/colour_reg[4][12][0][0]  |                                  |                2 |             24 |
|  CLOCK_IBUF_BUFG | tetri0/colour_reg[23][13][0][0] |                                  |                5 |             24 |
|  CLOCK_IBUF_BUFG | tetri0/colour_reg[22][9][0][0]  |                                  |                4 |             24 |
|  CLOCK_IBUF_BUFG | tetri0/colour_reg[4][13][0][0]  |                                  |                6 |             24 |
|  CLOCK_IBUF_BUFG | tetri0/colour_reg[4][14][0][0]  |                                  |                3 |             24 |
|  CLOCK_IBUF_BUFG | tetri0/colour_reg[3][6][0][0]   |                                  |                3 |             24 |
|  CLOCK_IBUF_BUFG | tetri0/colour_reg[22][8][0][0]  |                                  |                7 |             24 |
|  CLOCK_IBUF_BUFG | tetri0/colour_reg[3][7][0][0]   |                                  |                3 |             24 |
|  CLOCK_IBUF_BUFG | tetri0/colour_reg[23][2][0][0]  |                                  |                5 |             24 |
|  CLOCK_IBUF_BUFG | tetri0/colour_reg[3][14][0][0]  |                                  |                4 |             24 |
|  CLOCK_IBUF_BUFG | tetri0/colour_reg[4][15][0][0]  |                                  |                4 |             24 |
|  CLOCK_IBUF_BUFG | tetri0/colour_reg[23][12][0][0] |                                  |                5 |             24 |
|  CLOCK_IBUF_BUFG | tetri0/colour_reg[23][1][0][0]  |                                  |                9 |             24 |
|  CLOCK_IBUF_BUFG | tetri0/colour_reg[2][7][0][0]   |                                  |                6 |             24 |
|  CLOCK_IBUF_BUFG | tetri0/colour_reg[3][15][0][0]  |                                  |                5 |             24 |
|  CLOCK_IBUF_BUFG | tetri0/colour_reg[22][3][0][0]  |                                  |                4 |             24 |
|  CLOCK_IBUF_BUFG | tetri0/colour_reg[3][3][0][0]   |                                  |                4 |             24 |
|  CLOCK_IBUF_BUFG | tetri0/colour_reg[23][6][0][0]  |                                  |                6 |             24 |
|  CLOCK_IBUF_BUFG | tetri0/colour_reg[23][0][0][0]  |                                  |                7 |             24 |
|  CLOCK_IBUF_BUFG | tetri0/colour_reg[23][8][0][0]  |                                  |                7 |             24 |
|  CLOCK_IBUF_BUFG | tetri0/colour_reg[23][14][0][0] |                                  |                5 |             24 |
|  CLOCK_IBUF_BUFG | tetri0/colour_reg[2][13][0][0]  |                                  |                6 |             24 |
|  CLOCK_IBUF_BUFG | tetri0/colour_reg[23][7][0][0]  |                                  |                6 |             24 |
|  CLOCK_IBUF_BUFG | tetri0/colour_reg[23][5][0][0]  |                                  |                6 |             24 |
|  CLOCK_IBUF_BUFG | tetri0/colour_reg[22][2][0][0]  |                                  |                4 |             24 |
|  CLOCK_IBUF_BUFG | tetri0/colour_reg[2][10][0][0]  |                                  |                5 |             24 |
|  CLOCK_IBUF_BUFG | tetri0/colour_reg[2][0][0][0]   |                                  |                4 |             24 |
|  CLOCK_IBUF_BUFG | tetri0/colour_reg[2][3][0][0]   |                                  |                5 |             24 |
|  CLOCK_IBUF_BUFG | tetri0/colour_reg[2][8][0][0]   |                                  |                3 |             24 |
|  CLOCK_IBUF_BUFG | tetri0/colour_reg[22][6][0][0]  |                                  |                6 |             24 |
|  CLOCK_IBUF_BUFG | tetri0/colour_reg[23][11][0][0] |                                  |                5 |             24 |
|  CLOCK_IBUF_BUFG | tetri0/colour_reg[22][15][0][0] |                                  |                6 |             24 |
|  CLOCK_IBUF_BUFG | tetri0/colour_reg[3][0][0][0]   |                                  |                5 |             24 |
|  CLOCK_IBUF_BUFG | tetri0/colour_reg[2][11][0][0]  |                                  |                2 |             24 |
|  CLOCK_IBUF_BUFG | tetri0/colour_reg[2][12][0][0]  |                                  |                2 |             24 |
|  CLOCK_IBUF_BUFG | tetri0/colour_reg[2][14][0][0]  |                                  |                6 |             24 |
|  CLOCK_IBUF_BUFG | tetri0/colour_reg[2][1][0][0]   |                                  |                3 |             24 |
|  CLOCK_IBUF_BUFG | tetri0/colour_reg[3][10][0][0]  |                                  |                2 |             24 |
|  CLOCK_IBUF_BUFG | tetri0/colour_reg[6][11][0][0]  |                                  |                4 |             24 |
|  CLOCK_IBUF_BUFG | tetri0/colour_reg[6][15][0][0]  |                                  |                4 |             24 |
|  CLOCK_IBUF_BUFG | tetri0/colour_reg[6][1][0][0]   |                                  |                6 |             24 |
|  CLOCK_IBUF_BUFG | tetri0/colour_reg[6][2][0][0]   |                                  |                6 |             24 |
|  CLOCK_IBUF_BUFG | tetri0/colour_reg[6][8][0][0]   |                                  |                4 |             24 |
|  CLOCK_IBUF_BUFG | tetri0/colour_reg[7][0][0][0]   |                                  |                5 |             24 |
|  CLOCK_IBUF_BUFG | tetri0/colour_reg[7][14][0][0]  |                                  |                7 |             24 |
|  CLOCK_IBUF_BUFG | tetri0/colour_reg[7][7][0][0]   |                                  |                6 |             24 |
|  CLOCK_IBUF_BUFG | tetri0/colour_reg[5][14][0][0]  |                                  |                5 |             24 |
|  CLOCK_IBUF_BUFG | tetri0/colour_reg[5][8][0][0]   |                                  |                3 |             24 |
|  CLOCK_IBUF_BUFG | tetri0/colour_reg[8][10][0][0]  |                                  |                3 |             24 |
|  CLOCK_IBUF_BUFG | tetri0/colour_reg[4][1][0][0]   |                                  |                4 |             24 |
|  CLOCK_IBUF_BUFG | tetri0/colour_reg[5][10][0][0]  |                                  |                6 |             24 |
|  CLOCK_IBUF_BUFG | tetri0/colour_reg[4][6][0][0]   |                                  |                3 |             24 |
|  CLOCK_IBUF_BUFG | tetri0/colour_reg[5][15][0][0]  |                                  |                3 |             24 |
|  CLOCK_IBUF_BUFG | tetri0/colour_reg[6][6][0][0]   |                                  |                5 |             24 |
|  CLOCK_IBUF_BUFG | tetri0/colour_reg[7][6][0][0]   |                                  |                5 |             24 |
|  CLOCK_IBUF_BUFG | tetri0/colour_reg[6][5][0][0]   |                                  |                7 |             24 |
|  CLOCK_IBUF_BUFG | tetri0/colour_reg[8][0][0][0]   |                                  |                5 |             24 |
|  CLOCK_IBUF_BUFG | tetri0/colour_reg[4][4][0][0]   |                                  |                3 |             24 |
|  CLOCK_IBUF_BUFG | tetri0/colour_reg[4][5][0][0]   |                                  |                4 |             24 |
|  CLOCK_IBUF_BUFG | tetri0/colour_reg[8][14][0][0]  |                                  |                6 |             24 |
|  CLOCK_IBUF_BUFG | tetri0/colour_reg[6][10][0][0]  |                                  |                4 |             24 |
|  CLOCK_IBUF_BUFG | tetri0/colour_reg[7][15][0][0]  |                                  |                6 |             24 |
|  CLOCK_IBUF_BUFG | tetri0/colour_reg[4][8][0][0]   |                                  |                3 |             24 |
|  CLOCK_IBUF_BUFG | tetri0/colour_reg[5][6][0][0]   |                                  |                5 |             24 |
|  CLOCK_IBUF_BUFG | tetri0/colour_reg[7][13][0][0]  |                                  |                9 |             24 |
|  CLOCK_IBUF_BUFG | tetri0/colour_reg[7][1][0][0]   |                                  |                6 |             24 |
|  CLOCK_IBUF_BUFG | tetri0/colour_reg[7][12][0][0]  |                                  |                5 |             24 |
|  CLOCK_IBUF_BUFG | tetri0/colour_reg[5][0][0][0]   |                                  |                6 |             24 |
|  CLOCK_IBUF_BUFG | tetri0/colour_reg[7][4][0][0]   |                                  |                5 |             24 |
|  CLOCK_IBUF_BUFG | tetri0/colour_reg[8][11][0][0]  |                                  |                5 |             24 |
|  CLOCK_IBUF_BUFG | tetri0/colour_reg[6][0][0][0]   |                                  |                5 |             24 |
|  CLOCK_IBUF_BUFG | tetri0/colour_reg[4][7][0][0]   |                                  |                3 |             24 |
|  CLOCK_IBUF_BUFG | tetri0/colour_reg[5][4][0][0]   |                                  |                5 |             24 |
|  CLOCK_IBUF_BUFG | tetri0/colour_reg[6][12][0][0]  |                                  |                6 |             24 |
|  CLOCK_IBUF_BUFG | tetri0/colour_reg[5][12][0][0]  |                                  |                3 |             24 |
|  CLOCK_IBUF_BUFG | tetri0/colour_reg[6][7][0][0]   |                                  |                5 |             24 |
|  CLOCK_IBUF_BUFG | tetri0/colour_reg[5][1][0][0]   |                                  |                4 |             24 |
|  CLOCK_IBUF_BUFG | tetri0/colour_reg[7][2][0][0]   |                                  |                6 |             24 |
|  CLOCK_IBUF_BUFG | tetri0/colour_reg[4][2][0][0]   |                                  |                4 |             24 |
|  CLOCK_IBUF_BUFG | tetri0/colour_reg[5][11][0][0]  |                                  |                4 |             24 |
|  CLOCK_IBUF_BUFG | tetri0/colour_reg[8][12][0][0]  |                                  |                5 |             24 |
|  CLOCK_IBUF_BUFG | tetri0/colour_reg[6][4][0][0]   |                                  |                6 |             24 |
|  CLOCK_IBUF_BUFG | tetri0/colour_reg[5][2][0][0]   |                                  |                3 |             24 |
|  CLOCK_IBUF_BUFG | tetri0/colour_reg[5][7][0][0]   |                                  |                6 |             24 |
|  CLOCK_IBUF_BUFG | tetri0/colour_reg[6][13][0][0]  |                                  |                7 |             24 |
|  CLOCK_IBUF_BUFG | tetri0/colour_reg[5][13][0][0]  |                                  |                5 |             24 |
|  CLOCK_IBUF_BUFG | tetri0/colour_reg[6][3][0][0]   |                                  |                7 |             24 |
|  CLOCK_IBUF_BUFG | tetri0/colour_reg[7][10][0][0]  |                                  |                9 |             24 |
|  CLOCK_IBUF_BUFG | tetri0/colour_reg[7][11][0][0]  |                                  |                6 |             24 |
|  CLOCK_IBUF_BUFG | tetri0/colour_reg[5][3][0][0]   |                                  |                4 |             24 |
|  CLOCK_IBUF_BUFG | tetri0/colour_reg[4][3][0][0]   |                                  |                4 |             24 |
|  CLOCK_IBUF_BUFG | tetri0/colour_reg[6][14][0][0]  |                                  |                5 |             24 |
|  CLOCK_IBUF_BUFG | tetri0/colour_reg[7][3][0][0]   |                                  |                8 |             24 |
|  CLOCK_IBUF_BUFG | tetri0/colour_reg[5][9][0][0]   |                                  |                5 |             24 |
|  CLOCK_IBUF_BUFG | tetri0/colour_reg[6][9][0][0]   |                                  |                7 |             24 |
|  CLOCK_IBUF_BUFG | tetri0/colour_reg[7][5][0][0]   |                                  |                7 |             24 |
|  CLOCK_IBUF_BUFG | tetri0/colour_reg[7][8][0][0]   |                                  |                7 |             24 |
|  CLOCK_IBUF_BUFG | tetri0/colour_reg[4][9][0][0]   |                                  |                6 |             24 |
|  CLOCK_IBUF_BUFG | tetri0/colour_reg[5][5][0][0]   |                                  |                7 |             24 |
|  CLOCK_IBUF_BUFG | tetri0/colour_reg[7][9][0][0]   |                                  |                8 |             24 |
|  CLOCK_IBUF_BUFG | tetri0/colour_reg[8][13][0][0]  |                                  |                5 |             24 |
|  CLOCK_IBUF_BUFG | tetri0/colour_reg[8][15][0][0]  |                                  |                5 |             24 |
|  CLOCK_IBUF_BUFG | tetri0/colour_reg[9][6][0][0]   |                                  |                6 |             24 |
|  CLOCK_IBUF_BUFG | tetri0/colour_reg[8][1][0][0]   |                                  |                3 |             24 |
|  CLOCK_IBUF_BUFG | tetri0/colour_reg[9][2][0][0]   |                                  |                7 |             24 |
|  CLOCK_IBUF_BUFG | tetri0/colour_reg[9][15][0][0]  |                                  |                8 |             24 |
|  CLOCK_IBUF_BUFG | tetri0/colour_reg[8][5][0][0]   |                                  |                7 |             24 |
|  CLOCK_IBUF_BUFG | tetri0/colour_reg[8][4][0][0]   |                                  |                3 |             24 |
|  CLOCK_IBUF_BUFG | tetri0/colour_reg[8][6][0][0]   |                                  |                8 |             24 |
|  CLOCK_IBUF_BUFG | tetri0/colour_reg[9][11][0][0]  |                                  |                7 |             24 |
|  CLOCK_IBUF_BUFG | tetri0/colour_reg[9][1][0][0]   |                                  |                7 |             24 |
|  CLOCK_IBUF_BUFG | tetri0/colour_reg[8][7][0][0]   |                                  |                4 |             24 |
|  CLOCK_IBUF_BUFG | tetri0/colour_reg[9][5][0][0]   |                                  |                8 |             24 |
|  CLOCK_IBUF_BUFG | tetri0/colour_reg[8][8][0][0]   |                                  |                4 |             24 |
|  CLOCK_IBUF_BUFG | tetri0/colour_reg[9][14][0][0]  |                                  |                3 |             24 |
|  CLOCK_IBUF_BUFG | tetri0/colour_reg[9][9][0][0]   |                                  |                4 |             24 |
|  CLOCK_IBUF_BUFG | tetri0/colour_reg[9][7][0][0]   |                                  |                5 |             24 |
|  CLOCK_IBUF_BUFG | tetri0/colour_reg[9][8][0][0]   |                                  |                6 |             24 |
|  CLOCK_IBUF_BUFG | tetri0/colour_reg[8][9][0][0]   |                                  |                5 |             24 |
|  CLOCK_IBUF_BUFG | tetri0/colour_reg[9][4][0][0]   |                                  |                6 |             24 |
| ~CLK_6p25M_BUFG  |                                 | oled_0/frame_counter[16]_i_1_n_1 |                5 |             34 |
| ~CLK_6p25M_BUFG  | oled_0/delay[0]_i_1_n_1         |                                  |                5 |             40 |
|  CLOCK_IBUF_BUFG | tetri0/t_block1                 | tetri0/SS[0]                     |               21 |             58 |
|  CLOCK_IBUF_BUFG |                                 | fall_counter[31]_i_1_n_1         |                8 |             62 |
| ~CLK_6p25M_BUFG  | oled_0/state                    |                                  |                9 |             64 |
|  CLOCK_IBUF_BUFG |                                 | clock0/clear                     |                8 |             64 |
|  CLOCK_IBUF_BUFG |                                 | shift_counter[31]_i_1_n_1        |                9 |             64 |
| ~CLK_6p25M_BUFG  |                                 | oled_0/spi_word[39]_i_1_n_1      |               16 |             90 |
|  n_0_6531_BUFG   |                                 |                                  |               54 |            198 |
|  CLOCK_IBUF_BUFG |                                 |                                  |              212 |            534 |
+------------------+---------------------------------+----------------------------------+------------------+----------------+


