Copyright 1986-2018 Xilinx, Inc. All Rights Reserved.
------------------------------------------------------------------------------------
| Tool Version : Vivado v.2018.2 (win64) Build 2258646 Thu Jun 14 20:03:12 MDT 2018
| Date         : Thu Nov  2 21:58:07 2023
| Host         : Yongjing-Victus running 64-bit major release  (build 9200)
| Command      : report_control_sets -verbose -file main_control_sets_placed.rpt
| Design       : main
| Device       : xc7a35t
------------------------------------------------------------------------------------

Control Set Information

Table of Contents
-----------------
1. Summary
2. Histogram
3. Flip-Flop Distribution
4. Detailed Control Set Information

1. Summary
----------

+----------------------------------------------------------+-------+
|                          Status                          | Count |
+----------------------------------------------------------+-------+
| Number of unique control sets                            |     8 |
| Unused register locations in slices containing registers |    24 |
+----------------------------------------------------------+-------+


2. Histogram
------------

+--------+--------------+
| Fanout | Control Sets |
+--------+--------------+
|      2 |            1 |
|      8 |            1 |
|     10 |            1 |
|    16+ |            5 |
+--------+--------------+


3. Flip-Flop Distribution
-------------------------

+--------------+-----------------------+------------------------+-----------------+--------------+
| Clock Enable | Synchronous Set/Reset | Asynchronous Set/Reset | Total Registers | Total Slices |
+--------------+-----------------------+------------------------+-----------------+--------------+
| No           | No                    | No                     |              10 |            3 |
| No           | No                    | Yes                    |               0 |            0 |
| No           | Yes                   | No                     |             198 |           32 |
| Yes          | No                    | No                     |             104 |           14 |
| Yes          | No                    | Yes                    |               0 |            0 |
| Yes          | Yes                   | No                     |               0 |            0 |
+--------------+-----------------------+------------------------+-----------------+--------------+


4. Detailed Control Set Information
-----------------------------------

+------------------+-------------------------+----------------------------------+------------------+----------------+
|   Clock Signal   |      Enable Signal      |         Set/Reset Signal         | Slice Load Count | Bel Load Count |
+------------------+-------------------------+----------------------------------+------------------+----------------+
| ~CLK_6p25M_BUFG  |                         |                                  |                1 |              2 |
|  CLOCK_IBUF_BUFG |                         |                                  |                2 |              8 |
|  CLOCK_IBUF_BUFG |                         | oled_0/SR[0]                     |                2 |             10 |
| ~CLK_6p25M_BUFG  |                         | oled_0/frame_counter[16]_i_1_n_0 |                5 |             34 |
| ~CLK_6p25M_BUFG  | oled_0/delay[0]_i_1_n_0 |                                  |                5 |             40 |
|  CLOCK_IBUF_BUFG |                         | clock0/clear                     |                8 |             64 |
| ~CLK_6p25M_BUFG  | oled_0/state            |                                  |                9 |             64 |
| ~CLK_6p25M_BUFG  |                         | oled_0/spi_word[39]_i_1_n_0      |               17 |             90 |
+------------------+-------------------------+----------------------------------+------------------+----------------+


