case__33: main__GB1, 
logic__54: main__GB1, 
logic__13: main__GB1, 
muxpart__17: main__GB1, 
case__29: main__GB1, 
T_to_m: main__GB1, 
datapath__14: main__GB1, 
case__14: main__GB1, 
case__39: block_color, 
muxpart: main__GB1, 
reg__2: main__GB1, 
tetrimino: main__GB1, 
case__3: main__GB1, 
block_color: block_color, 
logic__11: main__GB1, 
counter__1: main__GB1, 
logic__68: main__GB1, 
oled_to_grid_coords: main__GB1, 
datapath__5: main__GB1, 
reg__5: main__GB1, 
datapath__15: main__GB1, 
case__1: main__GB1, 
case: main__GB1, 
logic__2: main__GB1, 
datapath__16: main__GB1, 
case__22: main__GB1, 
datapath__18__GD: datapath__18__GD, 
case__34: main__GB1, 
datapath__4: main__GB1, 
case__25: main__GB1, 
case__20: main__GB1, 
logic__4: main__GB1, 
datapath__23: main__GB1, 
datapath__19: main__GB1, 
logic__49: main__GB1, 
reg__6: main__GB1, 
case__30: main__GB1, 
keep: main__GB1, 
datapath: main__GB1, 
case__37: main__GB1, 
logic__12: main__GB1, 
logic__9: main__GB1, 
logic__7: main__GB1, 
case__19: main__GB1, 
case__17: main__GB1, 
logic__38: main__GB1, 
case__15: main__GB1, 
case__38: block_color, 
datapath__12: main__GB1, 
muxpart__10: main__GB1, 
main__GB1: main__GB1, 
logic: main__GB1, 
datapath__22: main__GB1, 
case__36: main__GB1, 
reg__1: main__GB1, 
logic__10: main__GB1, 
datapath__13: main__GB1, 
case__11: main__GB1, 
case__35: main__GB1, 
get_coords: main__GB1, 
datapath__2: main__GB1, 
logic__34: main__GB1, 
reg: main__GB1, 
case__21: main__GB1, 
Oled_Display: main__GB1, 
logic__35: main__GB1, 
counter__3: main__GB1, 
reg__7: main__GB1, 
logic__65: main__GB1, 
case__26: main__GB1, 
case__13: main__GB1, 
keep__1: main__GB1, 
logic__40: main__GB1, 
logic__43: main__GB1, 
case__28: main__GB1, 
logic__62: main__GB1, 
logic__29: main__GB1, 
reg__8: main__GB1, 
counter__2: main__GB1, 
logic__8: main__GB1, 
datapath__17: main__GB1, 
case__23: main__GB1, 
case__31: main__GB1, 
logic__39: main__GB1, 
datapath__10: main__GB1, 
datapath__18: datapath__18__GD, 
case__32: main__GB1, 
logic__6: main__GB1, 
case__10: main__GB1, 
muxpart__15: main__GB1, 
datapath__1: main__GB1, 
case__18: main__GB1, 
datapath__20__GD: datapath__20__GD, 
show_grid: main__GB1, 
flexi_clock_D: main__GB1, 
case__16: main__GB1, 
logic__58: main__GB1, 
datapath__6: main__GB1, 
muxpart__9: main__GB1, 
case__2: main__GB1, 
logic__59: main__GB1, 
muxpart__1: main__GB1, 
pix_to_vertical_rowcol: main__GB1, 
logic__53: main__GB1, 
datapath__7: main__GB1, 
muxpart__16: main__GB1, 
logic__51: main__GB1, 
case__40: main__GB1, 
datapath__9: main__GB1, 
case__4: main__GB1, 
datapath__3: main__GB1, 
case__24: main__GB1, 
logic__3: main__GB1, 
case__27: main__GB1, 
counter: main__GB1, 
datapath__11: main__GB1, 
logic__55: main__GB1, 
logic__50: main__GB1, 
muxpart__12: main__GB1, 
datapath__8: main__GB1, 
datapath__21: main__GB1, 
logic__71: main__GB1, 
muxpart__13: main__GB1, 
datapath__20: datapath__20__GD, 
