reg__7: reg__7
case__13: case__13
logic__12: logic__12
logic__7: logic__7
reg: reg
datapath__15: datapath__15
case__39: case__39
case__14: case__14
datapath__18__GD: datapath__18__GD
datapath__22: datapath__22
datapath__21: datapath__21
main__GB1: main__GB1
T_to_m__2: T_to_m
reg__10: reg
datapath__20: datapath__20
pix_to_vertical_rowcol: pix_to_vertical_rowcol
reg__2: reg__2
case__40: case__40
case__34: case__34
case__28: case__28
case__27: case__27
case__38: case__38
case__21: case__21
logic__50: logic__50
case__23: case__23
case__18: case__18
datapath__24: datapath__2
datapath__14: datapath__14
muxpart__1: muxpart__1
keep__1: keep__1
T_to_m: T_to_m
reg__6: reg__6
logic__76: logic
logic__75: logic
muxpart__13: muxpart__13
logic__8: logic__8
datapath__7: datapath__7
get_coords: get_coords
case__31: case__31
flexi_clock_D__2: flexi_clock_D
reg__1: reg__1
logic__10: logic__10
logic__9: logic__9
case__1: case__1
case__32: case__32
case__10: case__10
muxpart__12: muxpart__12
case__33: case__33
show_grid: show_grid
datapath__10: datapath__10
oled_to_grid_coords: oled_to_grid_coords
datapath__8: datapath__8
case__22: case__22
datapath__1: datapath__1
logic__59: logic__59
case__16: case__16
reg__8: reg__8
datapath__27: datapath__2
logic__65: logic__65
datapath__16: datapath__16
muxpart__16: muxpart__16
counter: counter
muxpart__9: muxpart__9
datapath__12: datapath__12
case__4: case__4
case__35: case__35
muxpart__15: muxpart__15
case__29: case__29
logic__43: logic__43
logic__71: logic__71
counter__4: counter
reg__5: reg__5
case__25: case__25
logic__34: logic__34
case__3: case__3
datapath__3: datapath__3
muxpart__17: muxpart__17
flexi_clock_D__1: flexi_clock_D
tetrimino: tetrimino
logic__51: logic__51
case__2: case__2
datapath__5: datapath__5
datapath__25: datapath__1
datapath__11: datapath__11
block_color: block_color
datapath__18: datapath__18
case__36: case__36
T_to_m__1: T_to_m
logic__49: logic__49
logic__29: logic__29
logic__55: logic__55
reg__9: reg
muxpart: muxpart
case__24: case__24
case__20: case__20
datapath__9: datapath__9
logic__54: logic__54
logic__13: logic__13
counter__5: counter
logic__62: logic__62
counter__2: counter__2
datapath__19: datapath__19
logic__68: logic__68
logic__6: logic__6
case: case
case__11: case__11
datapath__23: datapath__23
logic__4: logic__4
case__37: case__37
case__30: case__30
logic__35: logic__35
logic__53: logic__53
muxpart__10: muxpart__10
logic__58: logic__58
logic__38: logic__38
flexi_clock_D: flexi_clock_D
logic__39: logic__39
keep: keep
case__15: case__15
datapath__6: datapath__6
datapath: datapath
oled_to_grid_coords__1: oled_to_grid_coords
datapath__13: datapath__13
logic__11: logic__11
datapath__29: datapath
datapath__17: datapath__17
counter__1: counter__1
logic__40: logic__40
logic__2: logic__2
datapath__2: datapath__2
case__17: case__17
datapath__26: datapath
datapath__28: datapath__1
logic: logic
case__19: case__19
Oled_Display: Oled_Display
logic__3: logic__3
counter__3: counter__3
case__26: case__26
datapath__20__GD: datapath__20__GD
datapath__4: datapath__4
